2026-04-20T05:15:35.550Z - Login Error: read ECONNRESET
Error: read ECONNRESET
    at PromisePool.execute (C:\Users\Venkata Naveen\Downloads\Exam_system\server\node_modules\mysql2\lib\promise\pool.js:54:22)
    at C:\Users\Venkata Naveen\Downloads\Exam_system\server\routes\authRoutes.js:181:40
    at Layer.handleRequest (C:\Users\Venkata Naveen\Downloads\Exam_system\server\node_modules\router\lib\layer.js:152:17)
    at next (C:\Users\Venkata Naveen\Downloads\Exam_system\server\node_modules\router\lib\route.js:157:13)
    at Route.dispatch (C:\Users\Venkata Naveen\Downloads\Exam_system\server\node_modules\router\lib\route.js:117:3)
    at handle (C:\Users\Venkata Naveen\Downloads\Exam_system\server\node_modules\router\index.js:435:11)
    at Layer.handleRequest (C:\Users\Venkata Naveen\Downloads\Exam_system\server\node_modules\router\lib\layer.js:152:17)
    at C:\Users\Venkata Naveen\Downloads\Exam_system\server\node_modules\router\index.js:295:15
    at processParams (C:\Users\Venkata Naveen\Downloads\Exam_system\server\node_modules\router\index.js:582:12)
    at next (C:\Users\Venkata Naveen\Downloads\Exam_system\server\node_modules\router\index.js:291:5)

2026-04-20T05:17:18.190Z - Login Error: read ECONNRESET
Error: read ECONNRESET
    at PromisePool.execute (C:\Users\Venkata Naveen\Downloads\Exam_system\server\node_modules\mysql2\lib\promise\pool.js:54:22)
    at C:\Users\Venkata Naveen\Downloads\Exam_system\server\routes\authRoutes.js:181:40
    at Layer.handleRequest (C:\Users\Venkata Naveen\Downloads\Exam_system\server\node_modules\router\lib\layer.js:152:17)
    at next (C:\Users\Venkata Naveen\Downloads\Exam_system\server\node_modules\router\lib\route.js:157:13)
    at Route.dispatch (C:\Users\Venkata Naveen\Downloads\Exam_system\server\node_modules\router\lib\route.js:117:3)
    at handle (C:\Users\Venkata Naveen\Downloads\Exam_system\server\node_modules\router\index.js:435:11)
    at Layer.handleRequest (C:\Users\Venkata Naveen\Downloads\Exam_system\server\node_modules\router\lib\layer.js:152:17)
    at C:\Users\Venkata Naveen\Downloads\Exam_system\server\node_modules\router\index.js:295:15
    at processParams (C:\Users\Venkata Naveen\Downloads\Exam_system\server\node_modules\router\index.js:582:12)
    at next (C:\Users\Venkata Naveen\Downloads\Exam_system\server\node_modules\router\index.js:291:5)

2026-04-20T05:36:03.309Z - Login Error: read ECONNRESET
Error: read ECONNRESET
    at PromisePool.execute (C:\Users\Venkata Naveen\Downloads\Exam_system\server\node_modules\mysql2\lib\promise\pool.js:54:22)
    at C:\Users\Venkata Naveen\Downloads\Exam_system\server\routes\authRoutes.js:181:40
    at Layer.handleRequest (C:\Users\Venkata Naveen\Downloads\Exam_system\server\node_modules\router\lib\layer.js:152:17)
    at next (C:\Users\Venkata Naveen\Downloads\Exam_system\server\node_modules\router\lib\route.js:157:13)
    at Route.dispatch (C:\Users\Venkata Naveen\Downloads\Exam_system\server\node_modules\router\lib\route.js:117:3)
    at handle (C:\Users\Venkata Naveen\Downloads\Exam_system\server\node_modules\router\index.js:435:11)
    at Layer.handleRequest (C:\Users\Venkata Naveen\Downloads\Exam_system\server\node_modules\router\lib\layer.js:152:17)
    at C:\Users\Venkata Naveen\Downloads\Exam_system\server\node_modules\router\index.js:295:15
    at processParams (C:\Users\Venkata Naveen\Downloads\Exam_system\server\node_modules\router\index.js:582:12)
    at next (C:\Users\Venkata Naveen\Downloads\Exam_system\server\node_modules\router\index.js:291:5)

2026-04-20T05:37:20.629Z - Login Error: read ECONNRESET
Error: read ECONNRESET
    at PromisePool.execute (C:\Users\Venkata Naveen\Downloads\Exam_system\server\node_modules\mysql2\lib\promise\pool.js:54:22)
    at C:\Users\Venkata Naveen\Downloads\Exam_system\server\routes\authRoutes.js:181:40
    at Layer.handleRequest (C:\Users\Venkata Naveen\Downloads\Exam_system\server\node_modules\router\lib\layer.js:152:17)
    at next (C:\Users\Venkata Naveen\Downloads\Exam_system\server\node_modules\router\lib\route.js:157:13)
    at Route.dispatch (C:\Users\Venkata Naveen\Downloads\Exam_system\server\node_modules\router\lib\route.js:117:3)
    at handle (C:\Users\Venkata Naveen\Downloads\Exam_system\server\node_modules\router\index.js:435:11)
    at Layer.handleRequest (C:\Users\Venkata Naveen\Downloads\Exam_system\server\node_modules\router\lib\layer.js:152:17)
    at C:\Users\Venkata Naveen\Downloads\Exam_system\server\node_modules\router\index.js:295:15
    at processParams (C:\Users\Venkata Naveen\Downloads\Exam_system\server\node_modules\router\index.js:582:12)
    at next (C:\Users\Venkata Naveen\Downloads\Exam_system\server\node_modules\router\index.js:291:5)

2026-04-20T06:09:26.654Z - Login Error: read ECONNRESET
Error: read ECONNRESET
    at PromisePool.execute (C:\Users\Venkata Naveen\Downloads\Exam_system\server\node_modules\mysql2\lib\promise\pool.js:54:22)
    at C:\Users\Venkata Naveen\Downloads\Exam_system\server\routes\authRoutes.js:181:40
    at Layer.handleRequest (C:\Users\Venkata Naveen\Downloads\Exam_system\server\node_modules\router\lib\layer.js:152:17)
    at next (C:\Users\Venkata Naveen\Downloads\Exam_system\server\node_modules\router\lib\route.js:157:13)
    at Route.dispatch (C:\Users\Venkata Naveen\Downloads\Exam_system\server\node_modules\router\lib\route.js:117:3)
    at handle (C:\Users\Venkata Naveen\Downloads\Exam_system\server\node_modules\router\index.js:435:11)
    at Layer.handleRequest (C:\Users\Venkata Naveen\Downloads\Exam_system\server\node_modules\router\lib\layer.js:152:17)
    at C:\Users\Venkata Naveen\Downloads\Exam_system\server\node_modules\router\index.js:295:15
    at processParams (C:\Users\Venkata Naveen\Downloads\Exam_system\server\node_modules\router\index.js:582:12)
    at next (C:\Users\Venkata Naveen\Downloads\Exam_system\server\node_modules\router\index.js:291:5)

